// Jest Snapshot v1, https://goo.gl/fbAQLP

exports[`Dropdown tags component should render 1`] = `ShallowWrapper {}`;
